// Jest Snapshot v1, https://goo.gl/fbAQLP

exports[`test case Authors List Test 1`] = `
Object {
  "asFragment": [Function],
  "baseElement": <body>
    <div>
      <div
        class="Card Main"
      >
        <button>
          back
        </button>
        <div
          class="Texts"
        >
          <h2>
            How to save...
          </h2>
          <p>
            Lorem Ipsum is simply dummy text of the printing and typesetting industry. Lorem Ipsum has been the industry's standard dummy text ever since the 1500s, when an unknown printer took a galley of type and scrambled it to ma
          </p>
        </div>
        <div
          class="Info"
        >
          <div
            class="InfoInner infoInnerCard"
          >
            <div
              class="authors"
            >
              Authors:
               
              <span>
                AuthorNameNum1
                 
              </span>
              <span>
                AuthorNameNum2
                 
              </span>
            </div>
            <p>
              Duration: 
              106.06
               Hours
            </p>
            <p>
              Created: 
              24/06/2023
            </p>
          </div>
        </div>
      </div>
    </div>
  </body>,
  "container": <div>
    <div
      class="Card Main"
    >
      <button>
        back
      </button>
      <div
        class="Texts"
      >
        <h2>
          How to save...
        </h2>
        <p>
          Lorem Ipsum is simply dummy text of the printing and typesetting industry. Lorem Ipsum has been the industry's standard dummy text ever since the 1500s, when an unknown printer took a galley of type and scrambled it to ma
        </p>
      </div>
      <div
        class="Info"
      >
        <div
          class="InfoInner infoInnerCard"
        >
          <div
            class="authors"
          >
            Authors:
             
            <span>
              AuthorNameNum1
               
            </span>
            <span>
              AuthorNameNum2
               
            </span>
          </div>
          <p>
            Duration: 
            106.06
             Hours
          </p>
          <p>
            Created: 
            24/06/2023
          </p>
        </div>
      </div>
    </div>
  </div>,
  "debug": [Function],
  "findAllByAltText": [Function],
  "findAllByDisplayValue": [Function],
  "findAllByLabelText": [Function],
  "findAllByPlaceholderText": [Function],
  "findAllByRole": [Function],
  "findAllByTestId": [Function],
  "findAllByText": [Function],
  "findAllByTitle": [Function],
  "findByAltText": [Function],
  "findByDisplayValue": [Function],
  "findByLabelText": [Function],
  "findByPlaceholderText": [Function],
  "findByRole": [Function],
  "findByTestId": [Function],
  "findByText": [Function],
  "findByTitle": [Function],
  "getAllByAltText": [Function],
  "getAllByDisplayValue": [Function],
  "getAllByLabelText": [Function],
  "getAllByPlaceholderText": [Function],
  "getAllByRole": [Function],
  "getAllByTestId": [Function],
  "getAllByText": [Function],
  "getAllByTitle": [Function],
  "getByAltText": [Function],
  "getByDisplayValue": [Function],
  "getByLabelText": [Function],
  "getByPlaceholderText": [Function],
  "getByRole": [Function],
  "getByTestId": [Function],
  "getByText": [Function],
  "getByTitle": [Function],
  "queryAllByAltText": [Function],
  "queryAllByDisplayValue": [Function],
  "queryAllByLabelText": [Function],
  "queryAllByPlaceholderText": [Function],
  "queryAllByRole": [Function],
  "queryAllByTestId": [Function],
  "queryAllByText": [Function],
  "queryAllByTitle": [Function],
  "queryByAltText": [Function],
  "queryByDisplayValue": [Function],
  "queryByLabelText": [Function],
  "queryByPlaceholderText": [Function],
  "queryByRole": [Function],
  "queryByTestId": [Function],
  "queryByText": [Function],
  "queryByTitle": [Function],
  "rerender": [Function],
  "unmount": [Function],
}
`;

exports[`test case Description Test 1`] = `
<p>
  Lorem Ipsum is simply dummy text of the printing and typesetting industry. Lorem Ipsum has been the industry's standard dummy text ever since the 1500s, when an unknown printer took a galley of type and scrambled it to ma
</p>
`;

exports[`test case Duration Test 1`] = `"Duration: 106.06 Hours"`;

exports[`test case Title Test 1`] = `
<h2>
  How to save...
</h2>
`;
